stdout:
store:      249 B
turns:      6 (agent turns; git activity hidden)
gaps:       1 recording gap(s)
rich-rate:  67% over trailing 6 agent turn(s)
  ⚠ rich-rate below 90% — hooks may be broken (check `agentrec doctor`)
memory:     0 fresh, 0 stale, 0 rejects, 0 injections, 0 failures

--stderr--

--exit--
0
